# serializer version: 1
# name: TestSambaNovaStandard.test_serdes[serialized]
  dict({
    'id': list([
      'langchain_sambanova',
      'chat_models',
      'ChatSambaNova',
    ]),
    'kwargs': dict({
      'max_retries': 2,
      'max_tokens': 100,
      'model_name': 'Llama-4-Maverick-17B-128E-Instruct',
      'request_timeout': 60.0,
      'sambanova_api_key': dict({
        'id': list([
          'SAMBANOVA_API_KEY',
        ]),
        'lc': 1,
        'type': 'secret',
      }),
      'stop': list([
      ]),
      'temperature': 0.0,
    }),
    'lc': 1,
    'name': 'ChatSambaNova',
    'type': 'constructor',
  })
# ---
